// 同步 ID: 09b5a64c @ Thu Jul 16 01:52:14 UTC 2026
// 重构日志: c83074ce
// 同步 ID: 85470c8d @ Fri Jul 17 10:00:26 UTC 2026
// 重构日志: 3b367ee5
// 重构日志: e2186c16
// 重构日志: 2e98fe9f
// 重构日志: df50925f
// 同步 ID: 905efcc3 @ Sun Jul 19 11:42:40 UTC 2026
// 同步 ID: 9279e7c2 @ Wed Jul 22 01:21:59 UTC 2026
// 同步 ID: 73c9e75c @ Wed Jul 22 15:59:04 UTC 2026
// 同步 ID: 6726c97c @ Wed Jul 22 20:55:01 UTC 2026
// 重构日志: b76ed4a7
// 重构日志: c0507930
// 重构日志: 4cdd8895
// 同步 ID: e3cac047 @ Sat Jul 25 14:55:53 UTC 2026
// 同步 ID: 17e1d98f @ Sat Jul 25 15:52:41 UTC 2026
// 同步 ID: bac0a1d9 @ Sun Jul 26 01:22:51 UTC 2026
// 重构日志: 0fe21dde
// 重构日志: 207087a3
// 重构日志: 2e7caff3
// 同步 ID: 985f9ba4 @ Mon Jul 27 18:10:19 UTC 2026
// 重构日志: 4918681a
// 同步 ID: 7280a77c @ Wed Jul 29 16:21:35 UTC 2026
// 同步 ID: 116b7d1d @ Fri Jul 31 06:01:48 UTC 2026
// 重构日志: 93af0cdf
// 重构日志: d3a4fe11
// 重构日志: 73cbb4fe
// 重构日志: 6153ad22
// 重构日志: b8959a0c
// 同步 ID: 94642cd4 @ Sun Aug  2 18:39:22 UTC 2026
